exports[`test Tag demo 1`] = `
<i
  className="anticon anticon-cross" />
`;
